--------------------------------------------------------------------------------
Release 14.2 Trace  (nt64)
Copyright (c) 1995-2012 Xilinx, Inc.  All rights reserved.

C:\Xilinx\14.2\ISE_DS\ISE\bin\nt64\unwrapped\trce.exe -intstyle ise -v 3 -s 3
-n 3 -fastpaths -xml MuxAdderMultiplierBCDBuffer.twx
MuxAdderMultiplierBCDBuffer.ncd -o MuxAdderMultiplierBCDBuffer.twr
MuxAdderMultiplierBCDBuffer.pcf -ucf MuxAdderMultiplierBCDBuffer.ucf

Design file:              MuxAdderMultiplierBCDBuffer.ncd
Physical constraint file: MuxAdderMultiplierBCDBuffer.pcf
Device,package,speed:     xc6slx16,csg324,C,-3 (PRODUCTION 1.22 2012-07-09)
Report level:             verbose report

Environment Variable      Effect 
--------------------      ------ 
NONE                      No environment variables were set
--------------------------------------------------------------------------------

INFO:Timing:2698 - No timing constraints found, doing default enumeration.
INFO:Timing:3412 - To improve timing, see the Timing Closure User Guide (UG612).
INFO:Timing:2752 - To get complete path coverage, use the unconstrained paths 
   option. All paths that are not constrained will be reported in the 
   unconstrained paths section(s) of the report.
INFO:Timing:3339 - The clock-to-out numbers in this timing report are based on 
   a 50 Ohm transmission line loading model.  For the details of this model, 
   and for more information on accounting for different loading conditions, 
   please see the device datasheet.



Data Sheet report:
-----------------
All values displayed in nanoseconds (ns)

Pad to Pad
---------------+---------------+---------+
Source Pad     |Destination Pad|  Delay  |
---------------+---------------+---------+
S0             |Y<0>           |   11.967|
S0             |Y<1>           |   11.802|
S0             |Y<2>           |   12.047|
S0             |Y<3>           |   11.979|
S0             |Y<4>           |   11.435|
S0             |Y<5>           |   11.205|
S0             |Y<6>           |   10.897|
S0             |Y<7>           |   11.621|
S1             |Y<0>           |   11.253|
S1             |Y<1>           |   10.949|
S1             |Y<2>           |   11.037|
S1             |Y<3>           |   10.592|
S1             |Y<4>           |   10.610|
S1             |Y<5>           |   10.117|
S1             |Y<6>           |    9.913|
S1             |Y<7>           |   10.803|
a<0>           |A0<4>          |    6.312|
a<0>           |A1<0>          |   13.376|
a<0>           |A1<1>          |   19.626|
a<0>           |A1<2>          |   25.735|
a<0>           |A1<3>          |   33.191|
a<0>           |A1<5>          |   38.915|
a<0>           |A1<7>          |   40.014|
a<0>           |A2<0>          |   12.974|
a<0>           |A2<1>          |   39.654|
a<0>           |A2<2>          |   47.243|
a<0>           |A2<3>          |   53.815|
a<0>           |A2<5>          |   39.274|
a<0>           |A3<0>          |    8.304|
a<0>           |A3<1>          |    7.793|
a<0>           |A3<2>          |    8.306|
a<0>           |A3<3>          |   16.146|
a<0>           |A3<4>          |   23.078|
a<0>           |A3<5>          |   30.771|
a<0>           |A3<6>          |   36.260|
a<0>           |A3<7>          |   50.218|
a<0>           |Y<0>           |    8.685|
a<0>           |Y<1>           |   40.352|
a<0>           |Y<2>           |   48.335|
a<0>           |Y<3>           |   54.412|
a<0>           |Y<4>           |   22.802|
a<0>           |Y<5>           |   39.426|
a<0>           |Y<6>           |   39.990|
a<0>           |Y<7>           |   51.396|
a<1>           |A0<5>          |    6.868|
a<1>           |A1<1>          |   11.100|
a<1>           |A1<2>          |   16.297|
a<1>           |A1<3>          |   23.753|
a<1>           |A1<5>          |   29.477|
a<1>           |A1<7>          |   30.576|
a<1>           |A2<1>          |   32.279|
a<1>           |A2<2>          |   39.868|
a<1>           |A2<3>          |   46.440|
a<1>           |A2<5>          |   31.899|
a<1>           |A3<1>          |    8.140|
a<1>           |A3<2>          |    8.129|
a<1>           |A3<3>          |   14.449|
a<1>           |A3<4>          |   21.381|
a<1>           |A3<5>          |   29.074|
a<1>           |A3<6>          |   34.563|
a<1>           |A3<7>          |   48.521|
a<1>           |Y<1>           |   32.977|
a<1>           |Y<2>           |   40.960|
a<1>           |Y<3>           |   47.037|
a<1>           |Y<4>           |   21.105|
a<1>           |Y<5>           |   31.510|
a<1>           |Y<6>           |   38.293|
a<1>           |Y<7>           |   49.699|
a<2>           |A0<6>          |    6.152|
a<2>           |A1<2>          |   11.212|
a<2>           |A1<3>          |   17.781|
a<2>           |A1<5>          |   23.505|
a<2>           |A1<7>          |   24.604|
a<2>           |A2<1>          |   25.923|
a<2>           |A2<2>          |   33.512|
a<2>           |A2<3>          |   40.084|
a<2>           |A2<5>          |   25.543|
a<2>           |A3<2>          |    8.225|
a<2>           |A3<3>          |   14.467|
a<2>           |A3<4>          |   21.399|
a<2>           |A3<5>          |   29.092|
a<2>           |A3<6>          |   34.581|
a<2>           |A3<7>          |   48.539|
a<2>           |Y<1>           |   26.621|
a<2>           |Y<2>           |   34.604|
a<2>           |Y<3>           |   40.681|
a<2>           |Y<4>           |   21.123|
a<2>           |Y<5>           |   31.352|
a<2>           |Y<6>           |   38.311|
a<2>           |Y<7>           |   49.717|
a<3>           |A0<7>          |    7.377|
a<3>           |A1<3>          |    9.474|
a<3>           |A1<5>          |   15.415|
a<3>           |A1<7>          |   16.514|
a<3>           |A2<1>          |   20.326|
a<3>           |A2<2>          |   27.915|
a<3>           |A2<3>          |   34.487|
a<3>           |A2<5>          |   19.946|
a<3>           |A3<3>          |    8.981|
a<3>           |A3<4>          |   15.103|
a<3>           |A3<5>          |   22.796|
a<3>           |A3<6>          |   28.285|
a<3>           |A3<7>          |   42.243|
a<3>           |Y<1>           |   21.024|
a<3>           |Y<2>           |   29.007|
a<3>           |Y<3>           |   35.084|
a<3>           |Y<4>           |   14.827|
a<3>           |Y<5>           |   25.056|
a<3>           |Y<6>           |   32.015|
a<3>           |Y<7>           |   43.421|
b<0>           |A0<0>          |    6.355|
b<0>           |A1<0>          |   13.903|
b<0>           |A1<1>          |   21.654|
b<0>           |A1<2>          |   27.763|
b<0>           |A1<3>          |   35.219|
b<0>           |A1<5>          |   40.943|
b<0>           |A1<7>          |   42.042|
b<0>           |A2<0>          |   13.501|
b<0>           |A2<1>          |   40.634|
b<0>           |A2<2>          |   48.223|
b<0>           |A2<3>          |   54.795|
b<0>           |A2<5>          |   40.254|
b<0>           |A3<0>          |    7.804|
b<0>           |A3<1>          |    7.403|
b<0>           |A3<2>          |    7.775|
b<0>           |A3<3>          |   14.707|
b<0>           |A3<4>          |   21.639|
b<0>           |A3<5>          |   29.332|
b<0>           |A3<6>          |   34.821|
b<0>           |A3<7>          |   48.779|
b<0>           |Y<0>           |    8.185|
b<0>           |Y<1>           |   41.332|
b<0>           |Y<2>           |   49.315|
b<0>           |Y<3>           |   55.392|
b<0>           |Y<4>           |   21.363|
b<0>           |Y<5>           |   41.454|
b<0>           |Y<6>           |   38.551|
b<0>           |Y<7>           |   49.957|
b<1>           |A0<1>          |    6.346|
b<1>           |A1<1>          |   11.163|
b<1>           |A1<2>          |   18.036|
b<1>           |A1<3>          |   25.492|
b<1>           |A1<5>          |   31.216|
b<1>           |A1<7>          |   32.315|
b<1>           |A2<1>          |   32.413|
b<1>           |A2<2>          |   40.002|
b<1>           |A2<3>          |   46.574|
b<1>           |A2<5>          |   32.033|
b<1>           |A3<1>          |    7.932|
b<1>           |A3<2>          |    7.935|
b<1>           |A3<3>          |   14.395|
b<1>           |A3<4>          |   21.327|
b<1>           |A3<5>          |   29.020|
b<1>           |A3<6>          |   34.509|
b<1>           |A3<7>          |   48.467|
b<1>           |Y<1>           |   33.111|
b<1>           |Y<2>           |   41.094|
b<1>           |Y<3>           |   47.171|
b<1>           |Y<4>           |   21.051|
b<1>           |Y<5>           |   31.727|
b<1>           |Y<6>           |   38.239|
b<1>           |Y<7>           |   49.645|
b<2>           |A0<2>          |    6.625|
b<2>           |A1<2>          |   11.226|
b<2>           |A1<3>          |   19.718|
b<2>           |A1<5>          |   25.442|
b<2>           |A1<7>          |   26.541|
b<2>           |A2<1>          |   27.309|
b<2>           |A2<2>          |   34.898|
b<2>           |A2<3>          |   41.470|
b<2>           |A2<5>          |   26.929|
b<2>           |A3<2>          |    7.385|
b<2>           |A3<3>          |   15.546|
b<2>           |A3<4>          |   22.478|
b<2>           |A3<5>          |   30.171|
b<2>           |A3<6>          |   35.660|
b<2>           |A3<7>          |   49.618|
b<2>           |Y<1>           |   28.007|
b<2>           |Y<2>           |   35.990|
b<2>           |Y<3>           |   42.067|
b<2>           |Y<4>           |   22.202|
b<2>           |Y<5>           |   32.431|
b<2>           |Y<6>           |   39.390|
b<2>           |Y<7>           |   50.796|
b<3>           |A0<3>          |    6.726|
b<3>           |A1<3>          |   10.120|
b<3>           |A1<5>          |   17.952|
b<3>           |A1<7>          |   19.051|
b<3>           |A2<1>          |   21.073|
b<3>           |A2<2>          |   28.662|
b<3>           |A2<3>          |   35.234|
b<3>           |A2<5>          |   20.693|
b<3>           |A3<3>          |    7.098|
b<3>           |A3<4>          |   16.401|
b<3>           |A3<5>          |   24.094|
b<3>           |A3<6>          |   29.583|
b<3>           |A3<7>          |   43.541|
b<3>           |Y<1>           |   21.771|
b<3>           |Y<2>           |   29.754|
b<3>           |Y<3>           |   35.831|
b<3>           |Y<4>           |   16.125|
b<3>           |Y<5>           |   26.354|
b<3>           |Y<6>           |   33.313|
b<3>           |Y<7>           |   44.719|
m              |A1<1>          |   19.447|
m              |A1<2>          |   25.556|
m              |A1<3>          |   33.012|
m              |A1<5>          |   38.736|
m              |A1<7>          |   39.835|
m              |Y<1>           |   20.628|
m              |Y<2>           |   27.756|
m              |Y<3>           |   34.484|
m              |Y<5>           |   39.247|
m              |Y<7>           |   39.708|
---------------+---------------+---------+


Analysis completed Thu Nov 05 17:46:53 2015 
--------------------------------------------------------------------------------

Trace Settings:
-------------------------
Trace Settings 

Peak Memory Usage: 222 MB



