Release 14.2 - xst P.28xd (nt64)
Copyright (c) 1995-2012 Xilinx, Inc.  All rights reserved.
--> Parameter TMPDIR set to xst/projnav.tmp


Total REAL time to Xst completion: 0.00 secs
Total CPU time to Xst completion: 0.10 secs
 
--> Parameter xsthdpdir set to xst


Total REAL time to Xst completion: 0.00 secs
Total CPU time to Xst completion: 0.11 secs
 
--> Reading design: Verilog.prj

TABLE OF CONTENTS
  1) Synthesis Options Summary
  2) HDL Parsing
  3) HDL Elaboration
  4) HDL Synthesis
       4.1) HDL Synthesis Report
  5) Advanced HDL Synthesis
       5.1) Advanced HDL Synthesis Report
  6) Low Level Synthesis
  7) Partition Report
  8) Design Summary
       8.1) Primitive and Black Box Usage
       8.2) Device utilization summary
       8.3) Partition Resource Summary
       8.4) Timing Report
            8.4.1) Clock Information
            8.4.2) Asynchronous Control Signals Information
            8.4.3) Timing Summary
            8.4.4) Timing Details
            8.4.5) Cross Clock Domains Report


=========================================================================
*                      Synthesis Options Summary                        *
=========================================================================
---- Source Parameters
Input File Name                    : "Verilog.prj"
Ignore Synthesis Constraint File   : NO

---- Target Parameters
Output File Name                   : "Verilog"
Output Format                      : NGC
Target Device                      : xc6slx16-3-csg324

---- Source Options
Top Module Name                    : Verilog
Automatic FSM Extraction           : YES
FSM Encoding Algorithm             : Auto
Safe Implementation                : No
FSM Style                          : LUT
RAM Extraction                     : Yes
RAM Style                          : Auto
ROM Extraction                     : Yes
Shift Register Extraction          : YES
ROM Style                          : Auto
Resource Sharing                   : YES
Asynchronous To Synchronous        : NO
Shift Register Minimum Size        : 2
Use DSP Block                      : Auto
Automatic Register Balancing       : No

---- Target Options
LUT Combining                      : Auto
Reduce Control Sets                : Auto
Add IO Buffers                     : YES
Global Maximum Fanout              : 100000
Add Generic Clock Buffer(BUFG)     : 16
Register Duplication               : YES
Optimize Instantiated Primitives   : NO
Use Clock Enable                   : Auto
Use Synchronous Set                : Auto
Use Synchronous Reset              : Auto
Pack IO Registers into IOBs        : Auto
Equivalent register Removal        : YES

---- General Options
Optimization Goal                  : Speed
Optimization Effort                : 1
Power Reduction                    : NO
Keep Hierarchy                     : No
Netlist Hierarchy                  : As_Optimized
RTL Output                         : Yes
Global Optimization                : AllClockNets
Read Cores                         : YES
Write Timing Constraints           : NO
Cross Clock Analysis               : NO
Hierarchy Separator                : /
Bus Delimiter                      : <>
Case Specifier                     : Maintain
Slice Utilization Ratio            : 100
BRAM Utilization Ratio             : 100
DSP48 Utilization Ratio            : 100
Auto BRAM Packing                  : NO
Slice Utilization Ratio Delta      : 5

=========================================================================


=========================================================================
*                          HDL Parsing                                  *
=========================================================================
Analyzing Verilog file "\\ad\eng\users\f\e\fedir5\311Lab\BitAdder\WholeAdder.v" into library work
Parsing module <WholeAdder>.
Analyzing Verilog file "\\ad\eng\users\f\e\fedir5\311Lab\BitAdder\Compliment.v" into library work
Parsing module <Compliment>.
Analyzing Verilog file "\\ad\eng\users\f\e\fedir5\311Lab\BitAdder\Verilog.v" into library work
Parsing module <Verilog>.

=========================================================================
*                            HDL Elaboration                            *
=========================================================================

Elaborating module <Verilog>.

Elaborating module <Compliment>.

Elaborating module <WholeAdder>.

=========================================================================
*                           HDL Synthesis                               *
=========================================================================

Synthesizing Unit <Verilog>.
    Related source file is "\\ad\eng\users\f\e\fedir5\311Lab\BitAdder\Verilog.v".
    Summary:
Unit <Verilog> synthesized.

Synthesizing Unit <Compliment>.
    Related source file is "\\ad\eng\users\f\e\fedir5\311Lab\BitAdder\Compliment.v".
    Summary:
Unit <Compliment> synthesized.

Synthesizing Unit <WholeAdder>.
    Related source file is "\\ad\eng\users\f\e\fedir5\311Lab\BitAdder\WholeAdder.v".
    Found 1-bit adder for signal <n0015> created at line 30.
    Found 1-bit adder for signal <C> created at line 30.
    Found 1x1-bit multiplier for signal <n0007> created at line 30.
    Found 1x1-bit multiplier for signal <n0008> created at line 30.
    Found 1x1-bit multiplier for signal <n0010> created at line 30.
    Summary:
	inferred   3 Multiplier(s).
	inferred   2 Adder/Subtractor(s).
Unit <WholeAdder> synthesized.

=========================================================================
HDL Synthesis Report

Macro Statistics
# Multipliers                                          : 12
 1x1-bit multiplier                                    : 12
# Adders/Subtractors                                   : 8
 1-bit adder                                           : 8
# Xors                                                 : 13
 1-bit xor2                                            : 13

=========================================================================

=========================================================================
*                       Advanced HDL Synthesis                          *
=========================================================================


Synthesizing (advanced) Unit <WholeAdder>.
	Multiplier <Mmult_n0007> in block <WholeAdder> and adder/subtractor <Madd_C_Madd> in block <WholeAdder> are combined into a MAC<Maddsub_n0007>.
Unit <WholeAdder> synthesized (advanced).

=========================================================================
Advanced HDL Synthesis Report

Macro Statistics
# MACs                                                 : 4
 1x1-to-1-bit MAC                                      : 4
# Multipliers                                          : 8
 1x1-bit multiplier                                    : 8
# Xors                                                 : 13
 1-bit xor2                                            : 13

=========================================================================

=========================================================================
*                         Low Level Synthesis                           *
=========================================================================

Optimizing unit <Verilog> ...

Mapping all equations...
Building and optimizing final netlist ...
Found area constraint ratio of 100 (+ 5) on block Verilog, actual ratio is 0.

Final Macro Processing ...

=========================================================================
Final Register Report

Found no macro
=========================================================================

=========================================================================
*                           Partition Report                            *
=========================================================================

Partition Implementation Status
-------------------------------

  No Partitions were found in this design.

-------------------------------

=========================================================================
*                            Design Summary                             *
=========================================================================

Top Level Output File Name         : Verilog.ngc

Primitive and Black Box Usage:
------------------------------
# BELS                             : 15
#      GND                         : 1
#      LUT2                        : 6
#      LUT3                        : 4
#      LUT4                        : 3
#      VCC                         : 1
# IO Buffers                       : 22
#      IBUF                        : 9
#      OBUF                        : 13
# DSPs                             : 8
#      DSP48A1                     : 8

Device utilization summary:
---------------------------

Selected Device : 6slx16csg324-3 


Slice Logic Utilization: 
 Number of Slice LUTs:                   13  out of   9112     0%  
    Number used as Logic:                13  out of   9112     0%  

Slice Logic Distribution: 
 Number of LUT Flip Flop pairs used:     13
   Number with an unused Flip Flop:      13  out of     13   100%  
   Number with an unused LUT:             0  out of     13     0%  
   Number of fully used LUT-FF pairs:     0  out of     13     0%  
   Number of unique control sets:         0

IO Utilization: 
 Number of IOs:                          23
 Number of bonded IOBs:                  22  out of    232     9%  

Specific Feature Utilization:
 Number of DSP48A1s:                      8  out of     32    25%  

---------------------------
Partition Resource Summary:
---------------------------

  No Partitions were found in this design.

---------------------------


=========================================================================
Timing Report

NOTE: THESE TIMING NUMBERS ARE ONLY A SYNTHESIS ESTIMATE.
      FOR ACCURATE TIMING INFORMATION PLEASE REFER TO THE TRACE REPORT
      GENERATED AFTER PLACE-and-ROUTE.

Clock Information:
------------------
No clock signals found in this design

Asynchronous Control Signals Information:
----------------------------------------
No asynchronous control signals found in this design

Timing Summary:
---------------
Speed Grade: -3

   Minimum period: No path found
   Minimum input arrival time before clock: No path found
   Maximum output required time after clock: No path found
   Maximum combinational path delay: 35.753ns

Timing Details:
---------------
All values displayed in nanoseconds (ns)

=========================================================================
Timing constraint: Default path analysis
  Total number of paths / destination ports: 36652968 / 13
-------------------------------------------------------------------------
Delay:               35.753ns (Levels of Logic = 12)
  Source:            m (PAD)
  Destination:       V (PAD)

  Data Path: m to V
                                Gate     Net
    Cell:in->out      fanout   Delay   Delay  Logical Name (Net Name)
    ----------------------------------------  ------------
     IBUF:I->O            13   1.222   0.933  m_IBUF (m_IBUF)
     LUT2:I1->O            2   0.205   0.616  Bcom<0>1 (Bcom_0_OBUF)
     DSP48A1:A0->PCOUT47    1   4.469   0.000  bit1/Mmult_n0008 (bit1/Mmult_n0008_PCOUT_to_bit1/Maddsub_n0007_PCIN_47)
     DSP48A1:PCIN47->P0    4   2.264   0.683  bit1/Maddsub_n0007 (C_0_OBUF)
     DSP48A1:B0->PCOUT47    1   4.400   0.000  bit2/Mmult_n0008 (bit2/Mmult_n0008_PCOUT_to_bit2/Maddsub_n0007_PCIN_47)
     DSP48A1:PCIN47->P0    4   2.264   0.683  bit2/Maddsub_n0007 (C_1_OBUF)
     DSP48A1:B0->PCOUT47    1   4.400   0.000  bit3/Mmult_n0008 (bit3/Mmult_n0008_PCOUT_to_bit3/Maddsub_n0007_PCIN_47)
     DSP48A1:PCIN47->P0    5   2.264   0.714  bit3/Maddsub_n0007 (C_2_OBUF)
     DSP48A1:B0->PCOUT47    1   4.400   0.000  bit4/Mmult_n0008 (bit4/Mmult_n0008_PCOUT_to_bit4/Maddsub_n0007_PCIN_47)
     DSP48A1:PCIN47->P0    2   2.264   0.617  bit4/Maddsub_n0007 (Cout_OBUF)
     LUT2:I1->O            1   0.205   0.579  Mxor_V_xo<0>1 (V_OBUF)
     OBUF:I->O                 2.571          V_OBUF (V)
    ----------------------------------------
    Total                     35.753ns (30.928ns logic, 4.825ns route)
                                       (86.5% logic, 13.5% route)

=========================================================================

Cross Clock Domains Report:
--------------------------

=========================================================================


Total REAL time to Xst completion: 6.00 secs
Total CPU time to Xst completion: 5.85 secs
 
--> 

Total memory usage is 256796 kilobytes

Number of errors   :    0 (   0 filtered)
Number of warnings :    0 (   0 filtered)
Number of infos    :    0 (   0 filtered)

